2026-02-06 22:06:16 [INFO] Starting Orchestrator...
2026-02-06 22:06:16 [INFO] wiki: Success (5 items)
2026-02-06 22:06:17 [INFO] news: Success (5 items)
2026-02-06 22:06:17 [INFO] earthquakes: Success (234 items)
2026-02-06 22:06:17 [INFO] weather: Success (4 items)
2026-02-06 22:06:17 [INFO] crypto: Success (121 items)
2026-02-06 22:06:17 [INFO] exchange_rates: Success (29 items)
2026-02-06 22:06:18 [INFO] stocks: Success (5 items)
2026-02-06 22:06:19 [INFO] fred: Success (3 items)
2026-02-06 22:06:23 [INFO] who: Success (5 items)
2026-02-06 22:06:28 [INFO] Starting Orchestrator...
2026-02-06 22:06:28 [INFO] wiki: Success (5 items)
2026-02-06 22:06:28 [INFO] news: Success (5 items)
2026-02-06 22:06:28 [INFO] earthquakes: Success (234 items)
2026-02-06 22:06:28 [INFO] crypto: Success (121 items)
2026-02-06 22:06:28 [INFO] weather: Success (4 items)
2026-02-06 22:06:28 [INFO] Starting Orchestrator...
2026-02-06 22:06:28 [INFO] exchange_rates: Success (29 items)
2026-02-06 22:06:29 [INFO] Starting Orchestrator...
2026-02-06 22:06:29 [INFO] wiki: Success (5 items)
2026-02-06 22:06:29 [INFO] Starting Orchestrator...
2026-02-06 22:06:29 [INFO] stocks: Success (5 items)
2026-02-06 22:06:29 [INFO] wiki: Success (5 items)
2026-02-06 22:06:29 [INFO] news: Success (5 items)
2026-02-06 22:06:29 [INFO] weather: Success (4 items)
2026-02-06 22:06:29 [INFO] earthquakes: Success (234 items)
2026-02-06 22:06:29 [INFO] wiki: Success (5 items)
2026-02-06 22:06:29 [INFO] fred: Success (3 items)
2026-02-06 22:06:29 [INFO] crypto: Success (121 items)
2026-02-06 22:06:29 [INFO] crypto: Success (121 items)
2026-02-06 22:06:29 [INFO] earthquakes: Success (234 items)
2026-02-06 22:06:29 [INFO] weather: Success (4 items)
2026-02-06 22:06:29 [INFO] news: Success (5 items)
2026-02-06 22:06:29 [INFO] worldbank: Success (5 items)
2026-02-06 22:06:30 [INFO] earthquakes: Success (234 items)
2026-02-06 22:06:30 [INFO] weather: Success (4 items)
2026-02-06 22:06:30 [INFO] exchange_rates: Success (29 items)
2026-02-06 22:06:30 [INFO] crypto: Success (121 items)
2026-02-06 22:06:30 [INFO] exchange_rates: Success (29 items)
2026-02-06 22:06:30 [INFO] news: Success (5 items)
2026-02-06 22:06:30 [INFO] stocks: Success (5 items)
2026-02-06 22:06:30 [INFO] fred: Success (3 items)
2026-02-06 22:06:30 [INFO] exchange_rates: Success (29 items)
2026-02-06 22:06:30 [INFO] fred: Success (3 items)
2026-02-06 22:06:30 [INFO] fred: Success (3 items)
2026-02-06 22:06:31 [INFO] stocks: Success (5 items)
2026-02-06 22:06:31 [INFO] stocks: Success (5 items)
2026-02-06 22:06:31 [INFO] worldbank: Success (5 items)
2026-02-06 22:06:32 [INFO] worldbank: Success (5 items)
2026-02-06 22:06:32 [INFO] gdelt: Success (5 items)
2026-02-06 22:06:32 [INFO] who: Success (5 items)
2026-02-06 22:06:32 [INFO] worldbank: Success (5 items)
2026-02-06 22:06:34 [INFO] gdelt: Success (5 items)
2026-02-06 22:06:35 [INFO] gdelt: Success (5 items)
2026-02-06 22:06:37 [INFO] who: Success (5 items)
2026-02-06 22:06:37 [INFO] who: Success (5 items)
2026-02-06 22:06:39 [INFO] worldbank: Success (5 items)
2026-02-06 22:06:40 [INFO] who: Success (5 items)
2026-02-06 22:06:41 [INFO] gdelt: Success (5 items)
2026-02-06 22:06:45 [INFO] gdelt: Success (5 items)
2026-02-06 22:07:17 [INFO] trends: Success (169 items)
2026-02-06 22:07:17 [INFO] Orchestration complete in 48.05 seconds!
2026-02-06 22:07:20 [INFO] trends: Success (169 items)
2026-02-06 22:07:21 [INFO] Orchestration complete in 52.92 seconds!
2026-02-06 22:07:25 [INFO] trends: Success (169 items)
2026-02-06 22:07:25 [INFO] Orchestration complete in 56.84 seconds!
2026-02-06 22:08:10 [INFO] trends: Success (169 items)
2026-02-06 22:08:10 [INFO] Orchestration complete in 101.61 seconds!
2026-02-06 22:08:33 [INFO] trends: Success (169 items)
2026-02-06 22:08:33 [INFO] Orchestration complete in 137.04 seconds!
2026-02-06 23:07:39 [INFO] Starting Orchestrator...
2026-02-06 23:07:39 [INFO] wiki: Fetched 5 items
2026-02-06 23:07:39 [INFO] wiki: Inserted 5 items into MongoDB (wiki)
2026-02-06 23:07:39 [INFO] news: Fetched 5 items
2026-02-06 23:07:39 [INFO] news: Inserted 5 items into MongoDB (news)
2026-02-06 23:07:39 [INFO] earthquakes: Fetched 233 items
2026-02-06 23:07:39 [INFO] earthquakes: Inserted 233 items into MongoDB (earthquakes)
2026-02-06 23:07:39 [INFO] weather: Fetched 4 items
2026-02-06 23:07:39 [INFO] weather: Inserted 4 items into MongoDB (weather)
2026-02-06 23:07:40 [INFO] crypto: Fetched 121 items
2026-02-06 23:07:40 [INFO] crypto: Inserted 121 items into MongoDB (crypto)
2026-02-06 23:07:40 [INFO] fred: Fetched 3 items
2026-02-06 23:07:40 [INFO] fred: Inserted 3 items into MongoDB (fred)
2026-02-06 23:07:41 [INFO] stocks: Fetched 5 items
2026-02-06 23:07:41 [INFO] stocks: Inserted 5 items into MongoDB (stocks)
2026-02-06 23:07:41 [INFO] exchange_rates: Fetched 29 items
2026-02-06 23:07:41 [INFO] exchange_rates: Inserted 29 items into MongoDB (economics)
2026-02-06 23:07:41 [INFO] worldbank: Fetched 5 items
2026-02-06 23:07:41 [INFO] worldbank: Inserted 5 items into MongoDB (worldbank)
2026-02-06 23:07:42 [INFO] gdelt: Fetched 5 items
2026-02-06 23:07:42 [INFO] gdelt: Inserted 5 items into MongoDB (gdelt)
2026-02-06 23:07:44 [INFO] who: Fetched 5 items
2026-02-06 23:07:44 [INFO] who: Inserted 5 items into MongoDB (who)
2026-02-06 23:09:26 [INFO] trends: Fetched 169 items
2026-02-06 23:09:26 [INFO] trends: Inserted 169 items into MongoDB (trends)
2026-02-06 23:09:26 [INFO] Orchestration complete in 106.77 seconds!
